{
  "code": 413,
  "message": "The request payload is too large"
}
