{
  "code": 404,
  "message": "account not found by address(0x0) and ledger version(0)",
  "aptos_ledger_version": "0"
}
