{
  "type": "0x1::GUID::Generator",
  "data": {
    "counter": "6"
  }
}
