{
  "type": "pending_transaction",
  "hash": "",
  "sender": "0xa550c18",
  "sequence_number": "0",
  "max_gas_amount": "2000",
  "gas_unit_price": "0",
  "expiration_timestamp_secs": "18446744073709551615",
  "payload": {
    "type": "script_function_payload",
    "function": "0x1::Account::create_account",
    "type_arguments": [],
    "arguments": [
      "0xe60912ecb0a8c365d163d258f3b9f1b62f8f9148c207643864d7ed4a2b23159"
    ]
  },
  "signature": {
    "type": "ed25519_signature",
    "public_key": "0xb9c6ee1630ef3e711144a648db06bbb2284f7274cfbee53ffcee503cc1a49200",
    "signature": "0x368cd71ddb9e8710823f1fb4feeaa2fe3cf814e56c1b151161157ce8090822809344962b8f10ae141387484aca5c5ffd32a6ddb18973b37c7c847ebdf7493504"
  }
}
