{
  "code": 400,
  "message": "invalid parameter event key: invalid"
}
