{
  "code": 400,
  "message": "invalid request body: invalid UserTransactionRequest: Module ModuleId { address: 0000000000000000000000000000000000000000000000000000000000000001, name: Identifier(\"Invalid\") } can't be found"
}
