{
  "code": 400,
  "message": "Request body deserialize error: invalid type: integer `1234`, expected internally tagged enum TransactionPayload at line 1 column 171"
}
