{
  "code": 411,
  "message": "A content-length header is required"
}
