{
  "code": 400,
  "message": "invalid parameter start: hello"
}
