{
  "code": 400,
  "message": "invalid parameter transaction hash or version: 0x1"
}
