{
  "code": 400,
  "message": "transaction is rejected: InvalidUpdate - Transaction already in mempool"
}
