{
  "code": 404,
  "message": "Resource not found by 0xa550c19/0x1::GUID::GeneratorX",
  "aptos_ledger_version": "0"
}
