{
  "code": 403,
  "message": "CORS request forbidden: request-method not allowed"
}
{
  "code": 403,
  "message": "CORS request forbidden: request-method not allowed"
}
{
  "code": 403,
  "message": "CORS request forbidden: request-method not allowed"
}
{
  "code": 403,
  "message": "CORS request forbidden: request-method not allowed"
}
