{
  "code": 404,
  "message": "transaction not found by hash(0xdadfeddcca7cb6396c735e9094c76c6e4e9cb3e3ef814730693aed59bd87b31d)",
  "aptos_ledger_version": "0"
}
