{
  "code": 404,
  "message": "Module not found by 0000000000000000000000000000000000000000000000000000000000000001::NoNoNo",
  "aptos_ledger_version": "0"
}
