{
  "code": 400,
  "message": "Request body deserialize error: expected value at line 1 column 1"
}
