{
  "code": 400,
  "message": "invalid parameter account address: 1"
}
