{
  "type": "user_transaction",
  "version": "2",
  "hash": "",
  "state_root_hash": "",
  "event_root_hash": "",
  "gas_used": "1",
  "success": false,
  "vm_status": "Transaction Executed and Committed with Error LINKER_ERROR",
  "accumulator_root_hash": "",
  "changes": [
    {
      "type": "write_resource",
      "address": "0xa550c18",
      "state_key_hash": "",
      "data": {
        "type": "0x1::Account::Account",
        "data": {
          "authentication_key": "0x7deeccb1080854f499ec8b4c1b213b82c5e34b925cf6875fec02d4b77adbd2d6",
          "self_address": "0xa550c18",
          "sequence_number": "1"
        }
      }
    },
    {
      "type": "write_resource",
      "address": "0xa550c18",
      "state_key_hash": "",
      "data": {
        "type": "0x1::TestCoin::Balance",
        "data": {
          "coin": {
            "value": "18446744073709551614"
          }
        }
      }
    }
  ],
  "sender": "0xa550c18",
  "sequence_number": "0",
  "max_gas_amount": "2000",
  "gas_unit_price": "0",
  "expiration_timestamp_secs": "18446744073709551615",
  "payload": {
    "type": "script_function_payload",
    "function": "0x1222::TestCoin::transfer",
    "type_arguments": [],
    "arguments": [
      "0x00000000000000000000000000000000000000000000000000000000000000dd",
      "0x0100000000000000"
    ]
  },
  "signature": {
    "type": "ed25519_signature",
    "public_key": "0xb9c6ee1630ef3e711144a648db06bbb2284f7274cfbee53ffcee503cc1a49200",
    "signature": "0x812ffe56b64e6183f5202c05b9eb8fd2295a1a23ed16a934ef75c1b9e8ebdaafe3dc672e4f8130c192208170e3b891f1a58920f734e1ee9ec05ad86c1efef104"
  },
  "events": [],
  "timestamp": "1"
}
