[
  {
    "type": "block_metadata_transaction",
    "version": "1",
    "hash": "",
    "state_root_hash": "",
    "event_root_hash": "",
    "gas_used": "0",
    "success": true,
    "vm_status": "Executed successfully",
    "accumulator_root_hash": "",
    "changes": [
      {
        "type": "write_resource",
        "address": "0xa550c18",
        "state_key_hash": "",
        "data": {
          "type": "0x1::Block::BlockMetadata",
          "data": {
            "epoch_internal": "86400000000",
            "height": "1",
            "new_block_events": {
              "counter": "1",
              "guid": {
                "guid": {
                  "id": {
                    "addr": "0xa550c18",
                    "creation_num": "5"
                  }
                },
                "len_bytes": 40
              }
            }
          }
        }
      },
      {
        "type": "write_resource",
        "address": "0xa550c18",
        "state_key_hash": "",
        "data": {
          "type": "0x1::Timestamp::CurrentTimeMicroseconds",
          "data": {
            "microseconds": "1"
          }
        }
      }
    ],
    "id": "0xf44b581f23222c10916b17a369b4da039d075952b58036f2a7b561446592403c",
    "epoch": "0",
    "round": "1",
    "previous_block_votes": [
      false
    ],
    "proposer": "0xf85fd00e30cd388d2609db24d6cc44f2652f27413456938eaa059f65231647cc",
    "timestamp": "1"
  },
  {
    "type": "user_transaction",
    "version": "2",
    "hash": "",
    "state_root_hash": "",
    "event_root_hash": "",
    "gas_used": "92",
    "success": true,
    "vm_status": "Executed successfully",
    "accumulator_root_hash": "",
    "changes": [
      {
        "type": "write_resource",
        "address": "0xa550c18",
        "state_key_hash": "",
        "data": {
          "type": "0x1::Account::Account",
          "data": {
            "authentication_key": "0x7deeccb1080854f499ec8b4c1b213b82c5e34b925cf6875fec02d4b77adbd2d6",
            "self_address": "0xa550c18",
            "sequence_number": "1"
          }
        }
      },
      {
        "type": "write_resource",
        "address": "0xa550c18",
        "state_key_hash": "",
        "data": {
          "type": "0x1::TestCoin::Balance",
          "data": {
            "coin": {
              "value": "18446744073709551614"
            }
          }
        }
      },
      {
        "type": "write_resource",
        "address": "0xe60912ecb0a8c365d163d258f3b9f1b62f8f9148c207643864d7ed4a2b23159",
        "state_key_hash": "",
        "data": {
          "type": "0x1::Account::Account",
          "data": {
            "authentication_key": "0x0e60912ecb0a8c365d163d258f3b9f1b62f8f9148c207643864d7ed4a2b23159",
            "self_address": "0xe60912ecb0a8c365d163d258f3b9f1b62f8f9148c207643864d7ed4a2b23159",
            "sequence_number": "0"
          }
        }
      },
      {
        "type": "write_resource",
        "address": "0xe60912ecb0a8c365d163d258f3b9f1b62f8f9148c207643864d7ed4a2b23159",
        "state_key_hash": "",
        "data": {
          "type": "0x1::GUID::Generator",
          "data": {
            "counter": "2"
          }
        }
      },
      {
        "type": "write_resource",
        "address": "0xe60912ecb0a8c365d163d258f3b9f1b62f8f9148c207643864d7ed4a2b23159",
        "state_key_hash": "",
        "data": {
          "type": "0x1::TestCoin::Balance",
          "data": {
            "coin": {
              "value": "0"
            }
          }
        }
      },
      {
        "type": "write_resource",
        "address": "0xe60912ecb0a8c365d163d258f3b9f1b62f8f9148c207643864d7ed4a2b23159",
        "state_key_hash": "",
        "data": {
          "type": "0x1::TestCoin::TransferEvents",
          "data": {
            "received_events": {
              "counter": "0",
              "guid": {
                "guid": {
                  "id": {
                    "addr": "0xe60912ecb0a8c365d163d258f3b9f1b62f8f9148c207643864d7ed4a2b23159",
                    "creation_num": "1"
                  }
                },
                "len_bytes": 40
              }
            },
            "sent_events": {
              "counter": "0",
              "guid": {
                "guid": {
                  "id": {
                    "addr": "0xe60912ecb0a8c365d163d258f3b9f1b62f8f9148c207643864d7ed4a2b23159",
                    "creation_num": "0"
                  }
                },
                "len_bytes": 40
              }
            }
          }
        }
      }
    ],
    "sender": "0xa550c18",
    "sequence_number": "0",
    "max_gas_amount": "2000",
    "gas_unit_price": "0",
    "expiration_timestamp_secs": "18446744073709551615",
    "payload": {
      "type": "script_function_payload",
      "function": "0x1::Account::create_account",
      "type_arguments": [],
      "arguments": [
        "0xe60912ecb0a8c365d163d258f3b9f1b62f8f9148c207643864d7ed4a2b23159"
      ]
    },
    "signature": {
      "type": "ed25519_signature",
      "public_key": "0xb9c6ee1630ef3e711144a648db06bbb2284f7274cfbee53ffcee503cc1a49200",
      "signature": "0x368cd71ddb9e8710823f1fb4feeaa2fe3cf814e56c1b151161157ce8090822809344962b8f10ae141387484aca5c5ffd32a6ddb18973b37c7c847ebdf7493504"
    },
    "events": [],
    "timestamp": "1"
  }
]
