{
  "code": 404,
  "message": "transaction not found by version(1000000)",
  "aptos_ledger_version": "0"
}
