{
  "code": 404,
  "message": "resource not found by address(0xa550c18), struct tag(0x1::Reconfiguration::NotFound) and ledger version(0)",
  "aptos_ledger_version": "0"
}
