{
  "code": 404,
  "message": "transaction not found by version(10000)",
  "aptos_ledger_version": "0"
}
