{
  "code": 400,
  "message": "invalid parameter ledger version: -1"
}
