{
  "code": 400,
  "message": "invalid transaction: INVALID_SIGNATURE"
}
