{
  "chain_id": 4,
  "epoch": 0,
  "ledger_version": "0",
  "ledger_timestamp": "0"
}
