[
  {
    "type": "0x1::GUID::Generator",
    "data": {
      "counter": "6"
    }
  },
  {
    "type": "0x1::Block::BlockMetadata",
    "data": {
      "epoch_internal": "86400000000",
      "height": "0",
      "new_block_events": {
        "counter": "0",
        "guid": {
          "guid": {
            "id": {
              "addr": "0xa550c18",
              "creation_num": "5"
            }
          },
          "len_bytes": 40
        }
      }
    }
  },
  {
    "type": "0x1::Stake::ValidatorSet",
    "data": {
      "active_validators": [
        {
          "addr": "0xf85fd00e30cd388d2609db24d6cc44f2652f27413456938eaa059f65231647cc",
          "config": {
            "consensus_pubkey": "0xcc62332e34bb2d5cd69f60efbb2a36cb916c7eb458301ea36636c4dbb012bd88",
            "fullnode_address": "0x012d040000000000050c1c07203432fbf5b666fa771269cc7eb227146d3b16858f177a317ae8c349db210feb780800",
            "network_address": "0x012d0400000000000524180720d5db8911156f3441c0757d97b8580cb639853454ec1a560f4927cf4acdfbd1080800"
          },
          "voting_power": "1"
        }
      ],
      "consensus_scheme": 0,
      "maximum_stake": "1000000",
      "minimum_stake": "0",
      "pending_active": [],
      "pending_inactive": []
    }
  },
  {
    "type": "0x1::Account::Account",
    "data": {
      "authentication_key": "0x7deeccb1080854f499ec8b4c1b213b82c5e34b925cf6875fec02d4b77adbd2d6",
      "self_address": "0xa550c18",
      "sequence_number": "0"
    }
  },
  {
    "type": "0x1::Account::ChainSpecificAccountInfo",
    "data": {
      "currency_code_required": false,
      "module_addr": "0x1",
      "module_name": "0x4163636f756e74",
      "module_prologue_name": "0x6d6f64756c655f70726f6c6f677565",
      "multi_agent_prologue_name": "0x6d756c74695f6167656e745f7363726970745f70726f6c6f677565",
      "script_prologue_name": "0x7363726970745f70726f6c6f677565",
      "user_epilogue_name": "0x6570696c6f677565",
      "writeset_epilogue_name": "0x77726974657365745f6570696c6f677565",
      "writeset_prologue_name": "0x77726974657365745f70726f6c6f677565"
    }
  },
  {
    "type": "0x1::ChainId::ChainId",
    "data": {
      "id": 4
    }
  },
  {
    "type": "0x1::Version::Version",
    "data": {
      "major": "4"
    }
  },
  {
    "type": "0x1::TestCoin::Balance",
    "data": {
      "coin": {
        "value": "18446744073709551614"
      }
    }
  },
  {
    "type": "0x1::TestCoin::CoinInfo",
    "data": {
      "scaling_factor": "1000000"
    }
  },
  {
    "type": "0x1::TestCoin::Delegations",
    "data": {
      "inner": []
    }
  },
  {
    "type": "0x1::TestCoin::BurnCapability",
    "data": {
      "dummy_field": false
    }
  },
  {
    "type": "0x1::TestCoin::MintCapability",
    "data": {
      "dummy_field": false
    }
  },
  {
    "type": "0x1::TestCoin::TransferEvents",
    "data": {
      "received_events": {
        "counter": "0",
        "guid": {
          "guid": {
            "id": {
              "addr": "0xa550c18",
              "creation_num": "1"
            }
          },
          "len_bytes": 40
        }
      },
      "sent_events": {
        "counter": "0",
        "guid": {
          "guid": {
            "id": {
              "addr": "0xa550c18",
              "creation_num": "0"
            }
          },
          "len_bytes": 40
        }
      }
    }
  },
  {
    "type": "0x1::VMConfig::VMConfig",
    "data": {
      "gas_schedule": {
        "gas_constants": {
          "default_account_size": "800",
          "gas_unit_scaling_factor": "1000",
          "global_memory_per_byte_cost": "4",
          "global_memory_per_byte_write_cost": "9",
          "intrinsic_gas_per_byte": "8",
          "large_transaction_cutoff": "600",
          "max_price_per_gas_unit": "10000",
          "max_transaction_size_in_bytes": "4096",
          "maximum_number_of_gas_units": "4000000",
          "min_price_per_gas_unit": "0",
          "min_transaction_gas_units": "600"
        },
        "instruction_schedule": "0x47010000000000000001000000000000007e02000000000000010000000000000001000000000000000100000000000000010000000000000001000000000000000100000000000000010000000000000001000000000000000100000000000000010000000000000001000000000000000100000000000000010000000000000001000000000000000100000000000000010000000000000001000000000000000100000000000000010000000000000001000000000000000100000000000000020000000000000001000000000000000100000000000000010000000000000001000000000000000100000000000000010000000000000001000000000000006c0400000000000001000000000000000200000000000000010000000000000002000000000000000100000000000000010000000000000001000000000000000100000000000000010000000000000001000000000000000100000000000000010000000000000001000000000000000100000000000000010000000000000001000000000000000100000000000000030000000000000001000000000000000200000000000000010000000000000002000000000000000100000000000000010000000000000001000000000000000200000000000000010000000000000001000000000000000100000000000000010000000000000001000000000000000100000000000000010000000000000001000000000000000100000000000000010000000000000001000000000000000100000000000000010000000000000002000000000000000100000000000000010000000000000001000000000000000100000000000000010000000000000001000000000000000100000000000000290000000000000001000000000000001500000000000000010000000000000017000000000000000100000000000000cb0100000000000001000000000000000d00000000000000010000000000000001000000000000000100000000000000020000000000000001000000000000000100000000000000010000000000000001000000000000000100000000000000010000000000000001000000000000000200000000000000010000000000000001000000000000000100000000000000010000000000000001000000000000000100000000000000010000000000000001000000000000000100000000000000460200000000000001000000000000000200000000000000010000000000000002000000000000000100000000000000220000000000000001000000000000000f0000000000000001000000000000000e0000000000000001000000000000000d0000000000000001000000000000001b0000000000000001000000000000005400000000000000010000000000000062000000000000000100000000000000360500000000000001000000000000006e07000000000000010000000000000035000000000000000100000000000000e30000000000000001000000000000003c0200000000000001000000000000009c050000000000000100000000000000",
        "native_schedule": "0x1215000000000000000100000000000000400000000000000001000000000000003d000000000000000100000000000000170d0000000000000100000000000000b50000000000000001000000000000006200000000000000010000000000000054000000000000000100000000000000360500000000000001000000000000006e07000000000000010000000000000035000000000000000100000000000000e30000000000000001000000000000003c0200000000000001000000000000009c0500000000000001000000000000001a0000000000000001000000000000006101000000000000010000000000000018000000000000000100000000000000d400000000000000010000000000000034000000000000000100000000000000"
      }
    }
  },
  {
    "type": "0x1::Timestamp::CurrentTimeMicroseconds",
    "data": {
      "microseconds": "0"
    }
  },
  {
    "type": "0x1::ConsensusConfig::ConsensusConfig",
    "data": {
      "config": "0x0101010a000000000000001400000000000000"
    }
  },
  {
    "type": "0x1::Reconfiguration::Configuration",
    "data": {
      "epoch": "1",
      "events": {
        "counter": "1",
        "guid": {
          "guid": {
            "id": {
              "addr": "0xa550c18",
              "creation_num": "4"
            }
          },
          "len_bytes": 40
        }
      },
      "last_reconfiguration_time": "0"
    }
  },
  {
    "type": "0x1::TransactionPublishingOption::TransactionPublishingOption",
    "data": {
      "module_publishing_allowed": true,
      "script_allow_list": []
    }
  }
]
