{
  "code": 405,
  "message": "HTTP method not allowed"
}
