{
  "code": 400,
  "message": "invalid parameter limit: 0"
}
