{
  "code": 400,
  "message": "invalid request body: invalid UserTransactionRequest: could not find script function by 0x1::Account::invalid"
}
