{
  "code": 400,
  "message": "field(epoch) type is not EventHandle struct, deserialize error: unexpected end of input"
}
